[2025-06-04 12:40:05] local.ERROR: Please provide a valid cache path. {"exception":"[object] (InvalidArgumentException(code: 0): Please provide a valid cache path. at C:\\Users\\Aldo Wardana\\Downloads\\DesaPreneur\\DesaPreneur\\vendor\\laravel\\framework\\src\\Illuminate\\View\\Compilers\\Compiler.php:67)
[stacktrace]
#0 C:\\Users\\Aldo Wardana\\Downloads\\DesaPreneur\\DesaPreneur\\vendor\\laravel\\framework\\src\\Illuminate\\View\\ViewServiceProvider.php(97): Illuminate\\View\\Compilers\\Compiler->__construct()
#1 C:\\Users\\Aldo Wardana\\Downloads\\DesaPreneur\\DesaPreneur\\vendor\\laravel\\framework\\src\\Illuminate\\Container\\Container.php(952): Illuminate\\View\\ViewServiceProvider->Illuminate\\View\\{closure}()
#2 C:\\Users\\Aldo Wardana\\Downloads\\DesaPreneur\\DesaPreneur\\vendor\\laravel\\framework\\src\\Illuminate\\Container\\Container.php(832): Illuminate\\Container\\Container->build()
#3 C:\\Users\\Aldo Wardana\\Downloads\\DesaPreneur\\DesaPreneur\\vendor\\laravel\\framework\\src\\Illuminate\\Foundation\\Application.php(1078): Illuminate\\Container\\Container->resolve()
#4 C:\\Users\\Aldo Wardana\\Downloads\\DesaPreneur\\DesaPreneur\\vendor\\laravel\\framework\\src\\Illuminate\\Container\\Container.php(763): Illuminate\\Foundation\\Application->resolve()
#5 C:\\Users\\Aldo Wardana\\Downloads\\DesaPreneur\\DesaPreneur\\vendor\\laravel\\framework\\src\\Illuminate\\Foundation\\Application.php(1058): Illuminate\\Container\\Container->make()
#6 C:\\Users\\Aldo Wardana\\Downloads\\DesaPreneur\\DesaPreneur\\vendor\\laravel\\framework\\src\\Illuminate\\Container\\Container.php(1580): Illuminate\\Foundation\\Application->make()
#7 C:\\Users\\Aldo Wardana\\Downloads\\DesaPreneur\\DesaPreneur\\vendor\\laravel\\framework\\src\\Illuminate\\Support\\Facades\\Facade.php(239): Illuminate\\Container\\Container->offsetGet()
#8 C:\\Users\\Aldo Wardana\\Downloads\\DesaPreneur\\DesaPreneur\\vendor\\laravel\\framework\\src\\Illuminate\\Support\\Facades\\Facade.php(210): Illuminate\\Support\\Facades\\Facade::resolveFacadeInstance()
#9 C:\\Users\\Aldo Wardana\\Downloads\\DesaPreneur\\DesaPreneur\\vendor\\laravel\\framework\\src\\Illuminate\\Support\\Facades\\Facade.php(355): Illuminate\\Support\\Facades\\Facade::getFacadeRoot()
#10 C:\\Users\\Aldo Wardana\\Downloads\\DesaPreneur\\DesaPreneur\\vendor\\livewire\\livewire\\src\\Mechanisms\\FrontendAssets\\FrontendAssets.php(30): Illuminate\\Support\\Facades\\Facade::__callStatic()
#11 C:\\Users\\Aldo Wardana\\Downloads\\DesaPreneur\\DesaPreneur\\vendor\\livewire\\livewire\\src\\LivewireServiceProvider.php(77): Livewire\\Mechanisms\\FrontendAssets\\FrontendAssets->boot()
#12 C:\\Users\\Aldo Wardana\\Downloads\\DesaPreneur\\DesaPreneur\\vendor\\livewire\\livewire\\src\\LivewireServiceProvider.php(19): Livewire\\LivewireServiceProvider->bootMechanisms()
#13 C:\\Users\\Aldo Wardana\\Downloads\\DesaPreneur\\DesaPreneur\\vendor\\laravel\\framework\\src\\Illuminate\\Container\\BoundMethod.php(36): Livewire\\LivewireServiceProvider->boot()
#14 C:\\Users\\Aldo Wardana\\Downloads\\DesaPreneur\\DesaPreneur\\vendor\\laravel\\framework\\src\\Illuminate\\Container\\Util.php(43): Illuminate\\Container\\BoundMethod::Illuminate\\Container\\{closure}()
#15 C:\\Users\\Aldo Wardana\\Downloads\\DesaPreneur\\DesaPreneur\\vendor\\laravel\\framework\\src\\Illuminate\\Container\\BoundMethod.php(95): Illuminate\\Container\\Util::unwrapIfClosure()
#16 C:\\Users\\Aldo Wardana\\Downloads\\DesaPreneur\\DesaPreneur\\vendor\\laravel\\framework\\src\\Illuminate\\Container\\BoundMethod.php(35): Illuminate\\Container\\BoundMethod::callBoundMethod()
#17 C:\\Users\\Aldo Wardana\\Downloads\\DesaPreneur\\DesaPreneur\\vendor\\laravel\\framework\\src\\Illuminate\\Container\\Container.php(696): Illuminate\\Container\\BoundMethod::call()
#18 C:\\Users\\Aldo Wardana\\Downloads\\DesaPreneur\\DesaPreneur\\vendor\\laravel\\framework\\src\\Illuminate\\Foundation\\Application.php(1151): Illuminate\\Container\\Container->call()
#19 C:\\Users\\Aldo Wardana\\Downloads\\DesaPreneur\\DesaPreneur\\vendor\\laravel\\framework\\src\\Illuminate\\Foundation\\Application.php(1132): Illuminate\\Foundation\\Application->bootProvider()
#20 [internal function]: Illuminate\\Foundation\\Application->Illuminate\\Foundation\\{closure}()
#21 C:\\Users\\Aldo Wardana\\Downloads\\DesaPreneur\\DesaPreneur\\vendor\\laravel\\framework\\src\\Illuminate\\Foundation\\Application.php(1131): array_walk()
#22 C:\\Users\\Aldo Wardana\\Downloads\\DesaPreneur\\DesaPreneur\\vendor\\laravel\\framework\\src\\Illuminate\\Foundation\\Bootstrap\\BootProviders.php(17): Illuminate\\Foundation\\Application->boot()
#23 C:\\Users\\Aldo Wardana\\Downloads\\DesaPreneur\\DesaPreneur\\vendor\\laravel\\framework\\src\\Illuminate\\Foundation\\Application.php(342): Illuminate\\Foundation\\Bootstrap\\BootProviders->bootstrap()
#24 C:\\Users\\Aldo Wardana\\Downloads\\DesaPreneur\\DesaPreneur\\vendor\\laravel\\framework\\src\\Illuminate\\Foundation\\Console\\Kernel.php(474): Illuminate\\Foundation\\Application->bootstrapWith()
#25 C:\\Users\\Aldo Wardana\\Downloads\\DesaPreneur\\DesaPreneur\\vendor\\laravel\\framework\\src\\Illuminate\\Foundation\\Console\\Kernel.php(196): Illuminate\\Foundation\\Console\\Kernel->bootstrap()
#26 C:\\Users\\Aldo Wardana\\Downloads\\DesaPreneur\\DesaPreneur\\vendor\\laravel\\framework\\src\\Illuminate\\Foundation\\Application.php(1235): Illuminate\\Foundation\\Console\\Kernel->handle()
#27 C:\\Users\\Aldo Wardana\\Downloads\\DesaPreneur\\DesaPreneur\\artisan(13): Illuminate\\Foundation\\Application->handleCommand()
#28 {main}
"} 
[2025-06-04 12:40:12] local.ERROR: Please provide a valid cache path. {"exception":"[object] (InvalidArgumentException(code: 0): Please provide a valid cache path. at C:\\Users\\Aldo Wardana\\Downloads\\DesaPreneur\\DesaPreneur\\vendor\\laravel\\framework\\src\\Illuminate\\View\\Compilers\\Compiler.php:67)
[stacktrace]
#0 C:\\Users\\Aldo Wardana\\Downloads\\DesaPreneur\\DesaPreneur\\vendor\\laravel\\framework\\src\\Illuminate\\View\\ViewServiceProvider.php(97): Illuminate\\View\\Compilers\\Compiler->__construct()
#1 C:\\Users\\Aldo Wardana\\Downloads\\DesaPreneur\\DesaPreneur\\vendor\\laravel\\framework\\src\\Illuminate\\Container\\Container.php(952): Illuminate\\View\\ViewServiceProvider->Illuminate\\View\\{closure}()
#2 C:\\Users\\Aldo Wardana\\Downloads\\DesaPreneur\\DesaPreneur\\vendor\\laravel\\framework\\src\\Illuminate\\Container\\Container.php(832): Illuminate\\Container\\Container->build()
#3 C:\\Users\\Aldo Wardana\\Downloads\\DesaPreneur\\DesaPreneur\\vendor\\laravel\\framework\\src\\Illuminate\\Foundation\\Application.php(1078): Illuminate\\Container\\Container->resolve()
#4 C:\\Users\\Aldo Wardana\\Downloads\\DesaPreneur\\DesaPreneur\\vendor\\laravel\\framework\\src\\Illuminate\\Container\\Container.php(763): Illuminate\\Foundation\\Application->resolve()
#5 C:\\Users\\Aldo Wardana\\Downloads\\DesaPreneur\\DesaPreneur\\vendor\\laravel\\framework\\src\\Illuminate\\Foundation\\Application.php(1058): Illuminate\\Container\\Container->make()
#6 C:\\Users\\Aldo Wardana\\Downloads\\DesaPreneur\\DesaPreneur\\vendor\\laravel\\framework\\src\\Illuminate\\Container\\Container.php(1580): Illuminate\\Foundation\\Application->make()
#7 C:\\Users\\Aldo Wardana\\Downloads\\DesaPreneur\\DesaPreneur\\vendor\\laravel\\framework\\src\\Illuminate\\Support\\Facades\\Facade.php(239): Illuminate\\Container\\Container->offsetGet()
#8 C:\\Users\\Aldo Wardana\\Downloads\\DesaPreneur\\DesaPreneur\\vendor\\laravel\\framework\\src\\Illuminate\\Support\\Facades\\Facade.php(210): Illuminate\\Support\\Facades\\Facade::resolveFacadeInstance()
#9 C:\\Users\\Aldo Wardana\\Downloads\\DesaPreneur\\DesaPreneur\\vendor\\laravel\\framework\\src\\Illuminate\\Support\\Facades\\Facade.php(355): Illuminate\\Support\\Facades\\Facade::getFacadeRoot()
#10 C:\\Users\\Aldo Wardana\\Downloads\\DesaPreneur\\DesaPreneur\\vendor\\livewire\\livewire\\src\\Mechanisms\\FrontendAssets\\FrontendAssets.php(30): Illuminate\\Support\\Facades\\Facade::__callStatic()
#11 C:\\Users\\Aldo Wardana\\Downloads\\DesaPreneur\\DesaPreneur\\vendor\\livewire\\livewire\\src\\LivewireServiceProvider.php(77): Livewire\\Mechanisms\\FrontendAssets\\FrontendAssets->boot()
#12 C:\\Users\\Aldo Wardana\\Downloads\\DesaPreneur\\DesaPreneur\\vendor\\livewire\\livewire\\src\\LivewireServiceProvider.php(19): Livewire\\LivewireServiceProvider->bootMechanisms()
#13 C:\\Users\\Aldo Wardana\\Downloads\\DesaPreneur\\DesaPreneur\\vendor\\laravel\\framework\\src\\Illuminate\\Container\\BoundMethod.php(36): Livewire\\LivewireServiceProvider->boot()
#14 C:\\Users\\Aldo Wardana\\Downloads\\DesaPreneur\\DesaPreneur\\vendor\\laravel\\framework\\src\\Illuminate\\Container\\Util.php(43): Illuminate\\Container\\BoundMethod::Illuminate\\Container\\{closure}()
#15 C:\\Users\\Aldo Wardana\\Downloads\\DesaPreneur\\DesaPreneur\\vendor\\laravel\\framework\\src\\Illuminate\\Container\\BoundMethod.php(95): Illuminate\\Container\\Util::unwrapIfClosure()
#16 C:\\Users\\Aldo Wardana\\Downloads\\DesaPreneur\\DesaPreneur\\vendor\\laravel\\framework\\src\\Illuminate\\Container\\BoundMethod.php(35): Illuminate\\Container\\BoundMethod::callBoundMethod()
#17 C:\\Users\\Aldo Wardana\\Downloads\\DesaPreneur\\DesaPreneur\\vendor\\laravel\\framework\\src\\Illuminate\\Container\\Container.php(696): Illuminate\\Container\\BoundMethod::call()
#18 C:\\Users\\Aldo Wardana\\Downloads\\DesaPreneur\\DesaPreneur\\vendor\\laravel\\framework\\src\\Illuminate\\Foundation\\Application.php(1151): Illuminate\\Container\\Container->call()
#19 C:\\Users\\Aldo Wardana\\Downloads\\DesaPreneur\\DesaPreneur\\vendor\\laravel\\framework\\src\\Illuminate\\Foundation\\Application.php(1132): Illuminate\\Foundation\\Application->bootProvider()
#20 [internal function]: Illuminate\\Foundation\\Application->Illuminate\\Foundation\\{closure}()
#21 C:\\Users\\Aldo Wardana\\Downloads\\DesaPreneur\\DesaPreneur\\vendor\\laravel\\framework\\src\\Illuminate\\Foundation\\Application.php(1131): array_walk()
#22 C:\\Users\\Aldo Wardana\\Downloads\\DesaPreneur\\DesaPreneur\\vendor\\laravel\\framework\\src\\Illuminate\\Foundation\\Bootstrap\\BootProviders.php(17): Illuminate\\Foundation\\Application->boot()
#23 C:\\Users\\Aldo Wardana\\Downloads\\DesaPreneur\\DesaPreneur\\vendor\\laravel\\framework\\src\\Illuminate\\Foundation\\Application.php(342): Illuminate\\Foundation\\Bootstrap\\BootProviders->bootstrap()
#24 C:\\Users\\Aldo Wardana\\Downloads\\DesaPreneur\\DesaPreneur\\vendor\\laravel\\framework\\src\\Illuminate\\Foundation\\Console\\Kernel.php(474): Illuminate\\Foundation\\Application->bootstrapWith()
#25 C:\\Users\\Aldo Wardana\\Downloads\\DesaPreneur\\DesaPreneur\\vendor\\laravel\\framework\\src\\Illuminate\\Foundation\\Console\\Kernel.php(196): Illuminate\\Foundation\\Console\\Kernel->bootstrap()
#26 C:\\Users\\Aldo Wardana\\Downloads\\DesaPreneur\\DesaPreneur\\vendor\\laravel\\framework\\src\\Illuminate\\Foundation\\Application.php(1235): Illuminate\\Foundation\\Console\\Kernel->handle()
#27 C:\\Users\\Aldo Wardana\\Downloads\\DesaPreneur\\DesaPreneur\\artisan(13): Illuminate\\Foundation\\Application->handleCommand()
#28 {main}
"} 
[2025-06-04 12:40:40] local.ERROR: Please provide a valid cache path. {"exception":"[object] (InvalidArgumentException(code: 0): Please provide a valid cache path. at C:\\Users\\Aldo Wardana\\Downloads\\DesaPreneur\\DesaPreneur\\vendor\\laravel\\framework\\src\\Illuminate\\View\\Compilers\\Compiler.php:67)
[stacktrace]
#0 C:\\Users\\Aldo Wardana\\Downloads\\DesaPreneur\\DesaPreneur\\vendor\\laravel\\framework\\src\\Illuminate\\View\\ViewServiceProvider.php(97): Illuminate\\View\\Compilers\\Compiler->__construct()
#1 C:\\Users\\Aldo Wardana\\Downloads\\DesaPreneur\\DesaPreneur\\vendor\\laravel\\framework\\src\\Illuminate\\Container\\Container.php(952): Illuminate\\View\\ViewServiceProvider->Illuminate\\View\\{closure}()
#2 C:\\Users\\Aldo Wardana\\Downloads\\DesaPreneur\\DesaPreneur\\vendor\\laravel\\framework\\src\\Illuminate\\Container\\Container.php(832): Illuminate\\Container\\Container->build()
#3 C:\\Users\\Aldo Wardana\\Downloads\\DesaPreneur\\DesaPreneur\\vendor\\laravel\\framework\\src\\Illuminate\\Foundation\\Application.php(1078): Illuminate\\Container\\Container->resolve()
#4 C:\\Users\\Aldo Wardana\\Downloads\\DesaPreneur\\DesaPreneur\\vendor\\laravel\\framework\\src\\Illuminate\\Container\\Container.php(763): Illuminate\\Foundation\\Application->resolve()
#5 C:\\Users\\Aldo Wardana\\Downloads\\DesaPreneur\\DesaPreneur\\vendor\\laravel\\framework\\src\\Illuminate\\Foundation\\Application.php(1058): Illuminate\\Container\\Container->make()
#6 C:\\Users\\Aldo Wardana\\Downloads\\DesaPreneur\\DesaPreneur\\vendor\\laravel\\framework\\src\\Illuminate\\Container\\Container.php(1580): Illuminate\\Foundation\\Application->make()
#7 C:\\Users\\Aldo Wardana\\Downloads\\DesaPreneur\\DesaPreneur\\vendor\\laravel\\framework\\src\\Illuminate\\Support\\Facades\\Facade.php(239): Illuminate\\Container\\Container->offsetGet()
#8 C:\\Users\\Aldo Wardana\\Downloads\\DesaPreneur\\DesaPreneur\\vendor\\laravel\\framework\\src\\Illuminate\\Support\\Facades\\Facade.php(210): Illuminate\\Support\\Facades\\Facade::resolveFacadeInstance()
#9 C:\\Users\\Aldo Wardana\\Downloads\\DesaPreneur\\DesaPreneur\\vendor\\laravel\\framework\\src\\Illuminate\\Support\\Facades\\Facade.php(355): Illuminate\\Support\\Facades\\Facade::getFacadeRoot()
#10 C:\\Users\\Aldo Wardana\\Downloads\\DesaPreneur\\DesaPreneur\\vendor\\livewire\\livewire\\src\\Mechanisms\\FrontendAssets\\FrontendAssets.php(30): Illuminate\\Support\\Facades\\Facade::__callStatic()
#11 C:\\Users\\Aldo Wardana\\Downloads\\DesaPreneur\\DesaPreneur\\vendor\\livewire\\livewire\\src\\LivewireServiceProvider.php(77): Livewire\\Mechanisms\\FrontendAssets\\FrontendAssets->boot()
#12 C:\\Users\\Aldo Wardana\\Downloads\\DesaPreneur\\DesaPreneur\\vendor\\livewire\\livewire\\src\\LivewireServiceProvider.php(19): Livewire\\LivewireServiceProvider->bootMechanisms()
#13 C:\\Users\\Aldo Wardana\\Downloads\\DesaPreneur\\DesaPreneur\\vendor\\laravel\\framework\\src\\Illuminate\\Container\\BoundMethod.php(36): Livewire\\LivewireServiceProvider->boot()
#14 C:\\Users\\Aldo Wardana\\Downloads\\DesaPreneur\\DesaPreneur\\vendor\\laravel\\framework\\src\\Illuminate\\Container\\Util.php(43): Illuminate\\Container\\BoundMethod::Illuminate\\Container\\{closure}()
#15 C:\\Users\\Aldo Wardana\\Downloads\\DesaPreneur\\DesaPreneur\\vendor\\laravel\\framework\\src\\Illuminate\\Container\\BoundMethod.php(95): Illuminate\\Container\\Util::unwrapIfClosure()
#16 C:\\Users\\Aldo Wardana\\Downloads\\DesaPreneur\\DesaPreneur\\vendor\\laravel\\framework\\src\\Illuminate\\Container\\BoundMethod.php(35): Illuminate\\Container\\BoundMethod::callBoundMethod()
#17 C:\\Users\\Aldo Wardana\\Downloads\\DesaPreneur\\DesaPreneur\\vendor\\laravel\\framework\\src\\Illuminate\\Container\\Container.php(696): Illuminate\\Container\\BoundMethod::call()
#18 C:\\Users\\Aldo Wardana\\Downloads\\DesaPreneur\\DesaPreneur\\vendor\\laravel\\framework\\src\\Illuminate\\Foundation\\Application.php(1151): Illuminate\\Container\\Container->call()
#19 C:\\Users\\Aldo Wardana\\Downloads\\DesaPreneur\\DesaPreneur\\vendor\\laravel\\framework\\src\\Illuminate\\Foundation\\Application.php(1132): Illuminate\\Foundation\\Application->bootProvider()
#20 [internal function]: Illuminate\\Foundation\\Application->Illuminate\\Foundation\\{closure}()
#21 C:\\Users\\Aldo Wardana\\Downloads\\DesaPreneur\\DesaPreneur\\vendor\\laravel\\framework\\src\\Illuminate\\Foundation\\Application.php(1131): array_walk()
#22 C:\\Users\\Aldo Wardana\\Downloads\\DesaPreneur\\DesaPreneur\\vendor\\laravel\\framework\\src\\Illuminate\\Foundation\\Bootstrap\\BootProviders.php(17): Illuminate\\Foundation\\Application->boot()
#23 C:\\Users\\Aldo Wardana\\Downloads\\DesaPreneur\\DesaPreneur\\vendor\\laravel\\framework\\src\\Illuminate\\Foundation\\Application.php(342): Illuminate\\Foundation\\Bootstrap\\BootProviders->bootstrap()
#24 C:\\Users\\Aldo Wardana\\Downloads\\DesaPreneur\\DesaPreneur\\vendor\\laravel\\framework\\src\\Illuminate\\Foundation\\Console\\Kernel.php(474): Illuminate\\Foundation\\Application->bootstrapWith()
#25 C:\\Users\\Aldo Wardana\\Downloads\\DesaPreneur\\DesaPreneur\\vendor\\laravel\\framework\\src\\Illuminate\\Foundation\\Console\\Kernel.php(196): Illuminate\\Foundation\\Console\\Kernel->bootstrap()
#26 C:\\Users\\Aldo Wardana\\Downloads\\DesaPreneur\\DesaPreneur\\vendor\\laravel\\framework\\src\\Illuminate\\Foundation\\Application.php(1235): Illuminate\\Foundation\\Console\\Kernel->handle()
#27 C:\\Users\\Aldo Wardana\\Downloads\\DesaPreneur\\DesaPreneur\\artisan(13): Illuminate\\Foundation\\Application->handleCommand()
#28 {main}
"} 
[2025-06-04 12:41:08] local.ERROR: Vite manifest not found at: C:\Users\Aldo Wardana\Downloads\DesaPreneur\DesaPreneur\public\build/manifest.json {"view":{"view":"C:\\Users\\Aldo Wardana\\Downloads\\DesaPreneur\\DesaPreneur\\resources\\views\\landing-page.blade.php","data":[]},"exception":"[object] (Spatie\\LaravelIgnition\\Exceptions\\ViewException(code: 0): Vite manifest not found at: C:\\Users\\Aldo Wardana\\Downloads\\DesaPreneur\\DesaPreneur\\public\\build/manifest.json at C:\\Users\\Aldo Wardana\\Downloads\\DesaPreneur\\DesaPreneur\\vendor\\laravel\\framework\\src\\Illuminate\\Foundation\\Vite.php:934)
[stacktrace]
#0 C:\\Users\\Aldo Wardana\\Downloads\\DesaPreneur\\DesaPreneur\\vendor\\laravel\\framework\\src\\Illuminate\\Foundation\\Vite.php(384): Illuminate\\Foundation\\Vite->manifest()
#1 C:\\Users\\Aldo Wardana\\Downloads\\DesaPreneur\\DesaPreneur\\resources\\views\\landing-page.blade.php(7): Illuminate\\Foundation\\Vite->__invoke()
#2 C:\\Users\\Aldo Wardana\\Downloads\\DesaPreneur\\DesaPreneur\\vendor\\laravel\\framework\\src\\Illuminate\\Filesystem\\Filesystem.php(123): require('...')
#3 C:\\Users\\Aldo Wardana\\Downloads\\DesaPreneur\\DesaPreneur\\vendor\\laravel\\framework\\src\\Illuminate\\Filesystem\\Filesystem.php(124): Illuminate\\Filesystem\\Filesystem::Illuminate\\Filesystem\\{closure}()
#4 C:\\Users\\Aldo Wardana\\Downloads\\DesaPreneur\\DesaPreneur\\vendor\\laravel\\framework\\src\\Illuminate\\View\\Engines\\PhpEngine.php(58): Illuminate\\Filesystem\\Filesystem->getRequire()
#5 C:\\Users\\Aldo Wardana\\Downloads\\DesaPreneur\\DesaPreneur\\vendor\\livewire\\livewire\\src\\Mechanisms\\ExtendBlade\\ExtendedCompilerEngine.php(22): Illuminate\\View\\Engines\\PhpEngine->evaluatePath()
#6 C:\\Users\\Aldo Wardana\\Downloads\\DesaPreneur\\DesaPreneur\\vendor\\laravel\\framework\\src\\Illuminate\\View\\Engines\\CompilerEngine.php(75): Livewire\\Mechanisms\\ExtendBlade\\ExtendedCompilerEngine->evaluatePath()
#7 C:\\Users\\Aldo Wardana\\Downloads\\DesaPreneur\\DesaPreneur\\vendor\\livewire\\livewire\\src\\Mechanisms\\ExtendBlade\\ExtendedCompilerEngine.php(10): Illuminate\\View\\Engines\\CompilerEngine->get()
#8 C:\\Users\\Aldo Wardana\\Downloads\\DesaPreneur\\DesaPreneur\\vendor\\laravel\\framework\\src\\Illuminate\\View\\View.php(209): Livewire\\Mechanisms\\ExtendBlade\\ExtendedCompilerEngine->get()
#9 C:\\Users\\Aldo Wardana\\Downloads\\DesaPreneur\\DesaPreneur\\vendor\\laravel\\framework\\src\\Illuminate\\View\\View.php(192): Illuminate\\View\\View->getContents()
#10 C:\\Users\\Aldo Wardana\\Downloads\\DesaPreneur\\DesaPreneur\\vendor\\laravel\\framework\\src\\Illuminate\\View\\View.php(161): Illuminate\\View\\View->renderContents()
#11 C:\\Users\\Aldo Wardana\\Downloads\\DesaPreneur\\DesaPreneur\\vendor\\laravel\\framework\\src\\Illuminate\\Http\\Response.php(79): Illuminate\\View\\View->render()
#12 C:\\Users\\Aldo Wardana\\Downloads\\DesaPreneur\\DesaPreneur\\vendor\\laravel\\framework\\src\\Illuminate\\Http\\Response.php(35): Illuminate\\Http\\Response->setContent()
#13 C:\\Users\\Aldo Wardana\\Downloads\\DesaPreneur\\DesaPreneur\\vendor\\laravel\\framework\\src\\Illuminate\\Routing\\Router.php(920): Illuminate\\Http\\Response->__construct()
#14 C:\\Users\\Aldo Wardana\\Downloads\\DesaPreneur\\DesaPreneur\\vendor\\laravel\\framework\\src\\Illuminate\\Routing\\Router.php(887): Illuminate\\Routing\\Router::toResponse()
#15 C:\\Users\\Aldo Wardana\\Downloads\\DesaPreneur\\DesaPreneur\\vendor\\laravel\\framework\\src\\Illuminate\\Routing\\Router.php(807): Illuminate\\Routing\\Router->prepareResponse()
#16 C:\\Users\\Aldo Wardana\\Downloads\\DesaPreneur\\DesaPreneur\\vendor\\laravel\\framework\\src\\Illuminate\\Pipeline\\Pipeline.php(170): Illuminate\\Routing\\Router->Illuminate\\Routing\\{closure}()
#17 C:\\Users\\Aldo Wardana\\Downloads\\DesaPreneur\\DesaPreneur\\vendor\\laravel\\framework\\src\\Illuminate\\Routing\\Middleware\\SubstituteBindings.php(51): Illuminate\\Pipeline\\Pipeline->Illuminate\\Pipeline\\{closure}()
#18 C:\\Users\\Aldo Wardana\\Downloads\\DesaPreneur\\DesaPreneur\\vendor\\laravel\\framework\\src\\Illuminate\\Pipeline\\Pipeline.php(209): Illuminate\\Routing\\Middleware\\SubstituteBindings->handle()
#19 C:\\Users\\Aldo Wardana\\Downloads\\DesaPreneur\\DesaPreneur\\vendor\\laravel\\framework\\src\\Illuminate\\Foundation\\Http\\Middleware\\VerifyCsrfToken.php(88): Illuminate\\Pipeline\\Pipeline->Illuminate\\Pipeline\\{closure}()
#20 C:\\Users\\Aldo Wardana\\Downloads\\DesaPreneur\\DesaPreneur\\vendor\\laravel\\framework\\src\\Illuminate\\Pipeline\\Pipeline.php(209): Illuminate\\Foundation\\Http\\Middleware\\VerifyCsrfToken->handle()
#21 C:\\Users\\Aldo Wardana\\Downloads\\DesaPreneur\\DesaPreneur\\vendor\\laravel\\framework\\src\\Illuminate\\View\\Middleware\\ShareErrorsFromSession.php(49): Illuminate\\Pipeline\\Pipeline->Illuminate\\Pipeline\\{closure}()
#22 C:\\Users\\Aldo Wardana\\Downloads\\DesaPreneur\\DesaPreneur\\vendor\\laravel\\framework\\src\\Illuminate\\Pipeline\\Pipeline.php(209): Illuminate\\View\\Middleware\\ShareErrorsFromSession->handle()
#23 C:\\Users\\Aldo Wardana\\Downloads\\DesaPreneur\\DesaPreneur\\vendor\\laravel\\framework\\src\\Illuminate\\Session\\Middleware\\StartSession.php(121): Illuminate\\Pipeline\\Pipeline->Illuminate\\Pipeline\\{closure}()
#24 C:\\Users\\Aldo Wardana\\Downloads\\DesaPreneur\\DesaPreneur\\vendor\\laravel\\framework\\src\\Illuminate\\Session\\Middleware\\StartSession.php(64): Illuminate\\Session\\Middleware\\StartSession->handleStatefulRequest()
#25 C:\\Users\\Aldo Wardana\\Downloads\\DesaPreneur\\DesaPreneur\\vendor\\laravel\\framework\\src\\Illuminate\\Pipeline\\Pipeline.php(209): Illuminate\\Session\\Middleware\\StartSession->handle()
#26 C:\\Users\\Aldo Wardana\\Downloads\\DesaPreneur\\DesaPreneur\\vendor\\laravel\\framework\\src\\Illuminate\\Cookie\\Middleware\\AddQueuedCookiesToResponse.php(37): Illuminate\\Pipeline\\Pipeline->Illuminate\\Pipeline\\{closure}()
#27 C:\\Users\\Aldo Wardana\\Downloads\\DesaPreneur\\DesaPreneur\\vendor\\laravel\\framework\\src\\Illuminate\\Pipeline\\Pipeline.php(209): Illuminate\\Cookie\\Middleware\\AddQueuedCookiesToResponse->handle()
#28 C:\\Users\\Aldo Wardana\\Downloads\\DesaPreneur\\DesaPreneur\\vendor\\laravel\\framework\\src\\Illuminate\\Cookie\\Middleware\\EncryptCookies.php(75): Illuminate\\Pipeline\\Pipeline->Illuminate\\Pipeline\\{closure}()
#29 C:\\Users\\Aldo Wardana\\Downloads\\DesaPreneur\\DesaPreneur\\vendor\\laravel\\framework\\src\\Illuminate\\Pipeline\\Pipeline.php(209): Illuminate\\Cookie\\Middleware\\EncryptCookies->handle()
#30 C:\\Users\\Aldo Wardana\\Downloads\\DesaPreneur\\DesaPreneur\\vendor\\laravel\\framework\\src\\Illuminate\\Pipeline\\Pipeline.php(127): Illuminate\\Pipeline\\Pipeline->Illuminate\\Pipeline\\{closure}()
#31 C:\\Users\\Aldo Wardana\\Downloads\\DesaPreneur\\DesaPreneur\\vendor\\laravel\\framework\\src\\Illuminate\\Routing\\Router.php(807): Illuminate\\Pipeline\\Pipeline->then()
#32 C:\\Users\\Aldo Wardana\\Downloads\\DesaPreneur\\DesaPreneur\\vendor\\laravel\\framework\\src\\Illuminate\\Routing\\Router.php(786): Illuminate\\Routing\\Router->runRouteWithinStack()
#33 C:\\Users\\Aldo Wardana\\Downloads\\DesaPreneur\\DesaPreneur\\vendor\\laravel\\framework\\src\\Illuminate\\Routing\\Router.php(750): Illuminate\\Routing\\Router->runRoute()
#34 C:\\Users\\Aldo Wardana\\Downloads\\DesaPreneur\\DesaPreneur\\vendor\\laravel\\framework\\src\\Illuminate\\Routing\\Router.php(739): Illuminate\\Routing\\Router->dispatchToRoute()
#35 C:\\Users\\Aldo Wardana\\Downloads\\DesaPreneur\\DesaPreneur\\vendor\\laravel\\framework\\src\\Illuminate\\Foundation\\Http\\Kernel.php(201): Illuminate\\Routing\\Router->dispatch()
#36 C:\\Users\\Aldo Wardana\\Downloads\\DesaPreneur\\DesaPreneur\\vendor\\laravel\\framework\\src\\Illuminate\\Pipeline\\Pipeline.php(170): Illuminate\\Foundation\\Http\\Kernel->Illuminate\\Foundation\\Http\\{closure}()
#37 C:\\Users\\Aldo Wardana\\Downloads\\DesaPreneur\\DesaPreneur\\vendor\\livewire\\livewire\\src\\Features\\SupportDisablingBackButtonCache\\DisableBackButtonCacheMiddleware.php(19): Illuminate\\Pipeline\\Pipeline->Illuminate\\Pipeline\\{closure}()
#38 C:\\Users\\Aldo Wardana\\Downloads\\DesaPreneur\\DesaPreneur\\vendor\\laravel\\framework\\src\\Illuminate\\Pipeline\\Pipeline.php(209): Livewire\\Features\\SupportDisablingBackButtonCache\\DisableBackButtonCacheMiddleware->handle()
#39 C:\\Users\\Aldo Wardana\\Downloads\\DesaPreneur\\DesaPreneur\\vendor\\laravel\\framework\\src\\Illuminate\\Foundation\\Http\\Middleware\\TransformsRequest.php(21): Illuminate\\Pipeline\\Pipeline->Illuminate\\Pipeline\\{closure}()
#40 C:\\Users\\Aldo Wardana\\Downloads\\DesaPreneur\\DesaPreneur\\vendor\\laravel\\framework\\src\\Illuminate\\Foundation\\Http\\Middleware\\ConvertEmptyStringsToNull.php(31): Illuminate\\Foundation\\Http\\Middleware\\TransformsRequest->handle()
#41 C:\\Users\\Aldo Wardana\\Downloads\\DesaPreneur\\DesaPreneur\\vendor\\laravel\\framework\\src\\Illuminate\\Pipeline\\Pipeline.php(209): Illuminate\\Foundation\\Http\\Middleware\\ConvertEmptyStringsToNull->handle()
#42 C:\\Users\\Aldo Wardana\\Downloads\\DesaPreneur\\DesaPreneur\\vendor\\laravel\\framework\\src\\Illuminate\\Foundation\\Http\\Middleware\\TransformsRequest.php(21): Illuminate\\Pipeline\\Pipeline->Illuminate\\Pipeline\\{closure}()
#43 C:\\Users\\Aldo Wardana\\Downloads\\DesaPreneur\\DesaPreneur\\vendor\\laravel\\framework\\src\\Illuminate\\Foundation\\Http\\Middleware\\TrimStrings.php(51): Illuminate\\Foundation\\Http\\Middleware\\TransformsRequest->handle()
#44 C:\\Users\\Aldo Wardana\\Downloads\\DesaPreneur\\DesaPreneur\\vendor\\laravel\\framework\\src\\Illuminate\\Pipeline\\Pipeline.php(209): Illuminate\\Foundation\\Http\\Middleware\\TrimStrings->handle()
#45 C:\\Users\\Aldo Wardana\\Downloads\\DesaPreneur\\DesaPreneur\\vendor\\laravel\\framework\\src\\Illuminate\\Http\\Middleware\\ValidatePostSize.php(27): Illuminate\\Pipeline\\Pipeline->Illuminate\\Pipeline\\{closure}()
#46 C:\\Users\\Aldo Wardana\\Downloads\\DesaPreneur\\DesaPreneur\\vendor\\laravel\\framework\\src\\Illuminate\\Pipeline\\Pipeline.php(209): Illuminate\\Http\\Middleware\\ValidatePostSize->handle()
#47 C:\\Users\\Aldo Wardana\\Downloads\\DesaPreneur\\DesaPreneur\\vendor\\laravel\\framework\\src\\Illuminate\\Foundation\\Http\\Middleware\\PreventRequestsDuringMaintenance.php(110): Illuminate\\Pipeline\\Pipeline->Illuminate\\Pipeline\\{closure}()
#48 C:\\Users\\Aldo Wardana\\Downloads\\DesaPreneur\\DesaPreneur\\vendor\\laravel\\framework\\src\\Illuminate\\Pipeline\\Pipeline.php(209): Illuminate\\Foundation\\Http\\Middleware\\PreventRequestsDuringMaintenance->handle()
#49 C:\\Users\\Aldo Wardana\\Downloads\\DesaPreneur\\DesaPreneur\\vendor\\laravel\\framework\\src\\Illuminate\\Http\\Middleware\\HandleCors.php(49): Illuminate\\Pipeline\\Pipeline->Illuminate\\Pipeline\\{closure}()
#50 C:\\Users\\Aldo Wardana\\Downloads\\DesaPreneur\\DesaPreneur\\vendor\\laravel\\framework\\src\\Illuminate\\Pipeline\\Pipeline.php(209): Illuminate\\Http\\Middleware\\HandleCors->handle()
#51 C:\\Users\\Aldo Wardana\\Downloads\\DesaPreneur\\DesaPreneur\\vendor\\laravel\\framework\\src\\Illuminate\\Http\\Middleware\\TrustProxies.php(58): Illuminate\\Pipeline\\Pipeline->Illuminate\\Pipeline\\{closure}()
#52 C:\\Users\\Aldo Wardana\\Downloads\\DesaPreneur\\DesaPreneur\\vendor\\laravel\\framework\\src\\Illuminate\\Pipeline\\Pipeline.php(209): Illuminate\\Http\\Middleware\\TrustProxies->handle()
#53 C:\\Users\\Aldo Wardana\\Downloads\\DesaPreneur\\DesaPreneur\\vendor\\laravel\\framework\\src\\Illuminate\\Foundation\\Http\\Middleware\\InvokeDeferredCallbacks.php(22): Illuminate\\Pipeline\\Pipeline->Illuminate\\Pipeline\\{closure}()
#54 C:\\Users\\Aldo Wardana\\Downloads\\DesaPreneur\\DesaPreneur\\vendor\\laravel\\framework\\src\\Illuminate\\Pipeline\\Pipeline.php(209): Illuminate\\Foundation\\Http\\Middleware\\InvokeDeferredCallbacks->handle()
#55 C:\\Users\\Aldo Wardana\\Downloads\\DesaPreneur\\DesaPreneur\\vendor\\laravel\\framework\\src\\Illuminate\\Pipeline\\Pipeline.php(127): Illuminate\\Pipeline\\Pipeline->Illuminate\\Pipeline\\{closure}()
#56 C:\\Users\\Aldo Wardana\\Downloads\\DesaPreneur\\DesaPreneur\\vendor\\laravel\\framework\\src\\Illuminate\\Foundation\\Http\\Kernel.php(176): Illuminate\\Pipeline\\Pipeline->then()
#57 C:\\Users\\Aldo Wardana\\Downloads\\DesaPreneur\\DesaPreneur\\vendor\\laravel\\framework\\src\\Illuminate\\Foundation\\Http\\Kernel.php(145): Illuminate\\Foundation\\Http\\Kernel->sendRequestThroughRouter()
#58 C:\\Users\\Aldo Wardana\\Downloads\\DesaPreneur\\DesaPreneur\\vendor\\laravel\\framework\\src\\Illuminate\\Foundation\\Application.php(1220): Illuminate\\Foundation\\Http\\Kernel->handle()
#59 C:\\Users\\Aldo Wardana\\Downloads\\DesaPreneur\\DesaPreneur\\public\\index.php(17): Illuminate\\Foundation\\Application->handleRequest()
#60 C:\\Users\\Aldo Wardana\\Downloads\\DesaPreneur\\DesaPreneur\\vendor\\laravel\\framework\\src\\Illuminate\\Foundation\\resources\\server.php(23): require_once('...')
#61 {main}

[previous exception] [object] (Illuminate\\Foundation\\ViteManifestNotFoundException(code: 0): Vite manifest not found at: C:\\Users\\Aldo Wardana\\Downloads\\DesaPreneur\\DesaPreneur\\public\\build/manifest.json at C:\\Users\\Aldo Wardana\\Downloads\\DesaPreneur\\DesaPreneur\\vendor\\laravel\\framework\\src\\Illuminate\\Foundation\\Vite.php:934)
[stacktrace]
#0 C:\\Users\\Aldo Wardana\\Downloads\\DesaPreneur\\DesaPreneur\\vendor\\laravel\\framework\\src\\Illuminate\\Foundation\\Vite.php(384): Illuminate\\Foundation\\Vite->manifest()
#1 C:\\Users\\Aldo Wardana\\Downloads\\DesaPreneur\\DesaPreneur\\storage\\framework\\views\\d419194401c8ec34a55c746c9a614b04.php(7): Illuminate\\Foundation\\Vite->__invoke()
#2 C:\\Users\\Aldo Wardana\\Downloads\\DesaPreneur\\DesaPreneur\\vendor\\laravel\\framework\\src\\Illuminate\\Filesystem\\Filesystem.php(123): require('...')
#3 C:\\Users\\Aldo Wardana\\Downloads\\DesaPreneur\\DesaPreneur\\vendor\\laravel\\framework\\src\\Illuminate\\Filesystem\\Filesystem.php(124): Illuminate\\Filesystem\\Filesystem::Illuminate\\Filesystem\\{closure}()
#4 C:\\Users\\Aldo Wardana\\Downloads\\DesaPreneur\\DesaPreneur\\vendor\\laravel\\framework\\src\\Illuminate\\View\\Engines\\PhpEngine.php(58): Illuminate\\Filesystem\\Filesystem->getRequire()
#5 C:\\Users\\Aldo Wardana\\Downloads\\DesaPreneur\\DesaPreneur\\vendor\\livewire\\livewire\\src\\Mechanisms\\ExtendBlade\\ExtendedCompilerEngine.php(22): Illuminate\\View\\Engines\\PhpEngine->evaluatePath()
#6 C:\\Users\\Aldo Wardana\\Downloads\\DesaPreneur\\DesaPreneur\\vendor\\laravel\\framework\\src\\Illuminate\\View\\Engines\\CompilerEngine.php(75): Livewire\\Mechanisms\\ExtendBlade\\ExtendedCompilerEngine->evaluatePath()
#7 C:\\Users\\Aldo Wardana\\Downloads\\DesaPreneur\\DesaPreneur\\vendor\\livewire\\livewire\\src\\Mechanisms\\ExtendBlade\\ExtendedCompilerEngine.php(10): Illuminate\\View\\Engines\\CompilerEngine->get()
#8 C:\\Users\\Aldo Wardana\\Downloads\\DesaPreneur\\DesaPreneur\\vendor\\laravel\\framework\\src\\Illuminate\\View\\View.php(209): Livewire\\Mechanisms\\ExtendBlade\\ExtendedCompilerEngine->get()
#9 C:\\Users\\Aldo Wardana\\Downloads\\DesaPreneur\\DesaPreneur\\vendor\\laravel\\framework\\src\\Illuminate\\View\\View.php(192): Illuminate\\View\\View->getContents()
#10 C:\\Users\\Aldo Wardana\\Downloads\\DesaPreneur\\DesaPreneur\\vendor\\laravel\\framework\\src\\Illuminate\\View\\View.php(161): Illuminate\\View\\View->renderContents()
#11 C:\\Users\\Aldo Wardana\\Downloads\\DesaPreneur\\DesaPreneur\\vendor\\laravel\\framework\\src\\Illuminate\\Http\\Response.php(79): Illuminate\\View\\View->render()
#12 C:\\Users\\Aldo Wardana\\Downloads\\DesaPreneur\\DesaPreneur\\vendor\\laravel\\framework\\src\\Illuminate\\Http\\Response.php(35): Illuminate\\Http\\Response->setContent()
#13 C:\\Users\\Aldo Wardana\\Downloads\\DesaPreneur\\DesaPreneur\\vendor\\laravel\\framework\\src\\Illuminate\\Routing\\Router.php(920): Illuminate\\Http\\Response->__construct()
#14 C:\\Users\\Aldo Wardana\\Downloads\\DesaPreneur\\DesaPreneur\\vendor\\laravel\\framework\\src\\Illuminate\\Routing\\Router.php(887): Illuminate\\Routing\\Router::toResponse()
#15 C:\\Users\\Aldo Wardana\\Downloads\\DesaPreneur\\DesaPreneur\\vendor\\laravel\\framework\\src\\Illuminate\\Routing\\Router.php(807): Illuminate\\Routing\\Router->prepareResponse()
#16 C:\\Users\\Aldo Wardana\\Downloads\\DesaPreneur\\DesaPreneur\\vendor\\laravel\\framework\\src\\Illuminate\\Pipeline\\Pipeline.php(170): Illuminate\\Routing\\Router->Illuminate\\Routing\\{closure}()
#17 C:\\Users\\Aldo Wardana\\Downloads\\DesaPreneur\\DesaPreneur\\vendor\\laravel\\framework\\src\\Illuminate\\Routing\\Middleware\\SubstituteBindings.php(51): Illuminate\\Pipeline\\Pipeline->Illuminate\\Pipeline\\{closure}()
#18 C:\\Users\\Aldo Wardana\\Downloads\\DesaPreneur\\DesaPreneur\\vendor\\laravel\\framework\\src\\Illuminate\\Pipeline\\Pipeline.php(209): Illuminate\\Routing\\Middleware\\SubstituteBindings->handle()
#19 C:\\Users\\Aldo Wardana\\Downloads\\DesaPreneur\\DesaPreneur\\vendor\\laravel\\framework\\src\\Illuminate\\Foundation\\Http\\Middleware\\VerifyCsrfToken.php(88): Illuminate\\Pipeline\\Pipeline->Illuminate\\Pipeline\\{closure}()
#20 C:\\Users\\Aldo Wardana\\Downloads\\DesaPreneur\\DesaPreneur\\vendor\\laravel\\framework\\src\\Illuminate\\Pipeline\\Pipeline.php(209): Illuminate\\Foundation\\Http\\Middleware\\VerifyCsrfToken->handle()
#21 C:\\Users\\Aldo Wardana\\Downloads\\DesaPreneur\\DesaPreneur\\vendor\\laravel\\framework\\src\\Illuminate\\View\\Middleware\\ShareErrorsFromSession.php(49): Illuminate\\Pipeline\\Pipeline->Illuminate\\Pipeline\\{closure}()
#22 C:\\Users\\Aldo Wardana\\Downloads\\DesaPreneur\\DesaPreneur\\vendor\\laravel\\framework\\src\\Illuminate\\Pipeline\\Pipeline.php(209): Illuminate\\View\\Middleware\\ShareErrorsFromSession->handle()
#23 C:\\Users\\Aldo Wardana\\Downloads\\DesaPreneur\\DesaPreneur\\vendor\\laravel\\framework\\src\\Illuminate\\Session\\Middleware\\StartSession.php(121): Illuminate\\Pipeline\\Pipeline->Illuminate\\Pipeline\\{closure}()
#24 C:\\Users\\Aldo Wardana\\Downloads\\DesaPreneur\\DesaPreneur\\vendor\\laravel\\framework\\src\\Illuminate\\Session\\Middleware\\StartSession.php(64): Illuminate\\Session\\Middleware\\StartSession->handleStatefulRequest()
#25 C:\\Users\\Aldo Wardana\\Downloads\\DesaPreneur\\DesaPreneur\\vendor\\laravel\\framework\\src\\Illuminate\\Pipeline\\Pipeline.php(209): Illuminate\\Session\\Middleware\\StartSession->handle()
#26 C:\\Users\\Aldo Wardana\\Downloads\\DesaPreneur\\DesaPreneur\\vendor\\laravel\\framework\\src\\Illuminate\\Cookie\\Middleware\\AddQueuedCookiesToResponse.php(37): Illuminate\\Pipeline\\Pipeline->Illuminate\\Pipeline\\{closure}()
#27 C:\\Users\\Aldo Wardana\\Downloads\\DesaPreneur\\DesaPreneur\\vendor\\laravel\\framework\\src\\Illuminate\\Pipeline\\Pipeline.php(209): Illuminate\\Cookie\\Middleware\\AddQueuedCookiesToResponse->handle()
#28 C:\\Users\\Aldo Wardana\\Downloads\\DesaPreneur\\DesaPreneur\\vendor\\laravel\\framework\\src\\Illuminate\\Cookie\\Middleware\\EncryptCookies.php(75): Illuminate\\Pipeline\\Pipeline->Illuminate\\Pipeline\\{closure}()
#29 C:\\Users\\Aldo Wardana\\Downloads\\DesaPreneur\\DesaPreneur\\vendor\\laravel\\framework\\src\\Illuminate\\Pipeline\\Pipeline.php(209): Illuminate\\Cookie\\Middleware\\EncryptCookies->handle()
#30 C:\\Users\\Aldo Wardana\\Downloads\\DesaPreneur\\DesaPreneur\\vendor\\laravel\\framework\\src\\Illuminate\\Pipeline\\Pipeline.php(127): Illuminate\\Pipeline\\Pipeline->Illuminate\\Pipeline\\{closure}()
#31 C:\\Users\\Aldo Wardana\\Downloads\\DesaPreneur\\DesaPreneur\\vendor\\laravel\\framework\\src\\Illuminate\\Routing\\Router.php(807): Illuminate\\Pipeline\\Pipeline->then()
#32 C:\\Users\\Aldo Wardana\\Downloads\\DesaPreneur\\DesaPreneur\\vendor\\laravel\\framework\\src\\Illuminate\\Routing\\Router.php(786): Illuminate\\Routing\\Router->runRouteWithinStack()
#33 C:\\Users\\Aldo Wardana\\Downloads\\DesaPreneur\\DesaPreneur\\vendor\\laravel\\framework\\src\\Illuminate\\Routing\\Router.php(750): Illuminate\\Routing\\Router->runRoute()
#34 C:\\Users\\Aldo Wardana\\Downloads\\DesaPreneur\\DesaPreneur\\vendor\\laravel\\framework\\src\\Illuminate\\Routing\\Router.php(739): Illuminate\\Routing\\Router->dispatchToRoute()
#35 C:\\Users\\Aldo Wardana\\Downloads\\DesaPreneur\\DesaPreneur\\vendor\\laravel\\framework\\src\\Illuminate\\Foundation\\Http\\Kernel.php(201): Illuminate\\Routing\\Router->dispatch()
#36 C:\\Users\\Aldo Wardana\\Downloads\\DesaPreneur\\DesaPreneur\\vendor\\laravel\\framework\\src\\Illuminate\\Pipeline\\Pipeline.php(170): Illuminate\\Foundation\\Http\\Kernel->Illuminate\\Foundation\\Http\\{closure}()
#37 C:\\Users\\Aldo Wardana\\Downloads\\DesaPreneur\\DesaPreneur\\vendor\\livewire\\livewire\\src\\Features\\SupportDisablingBackButtonCache\\DisableBackButtonCacheMiddleware.php(19): Illuminate\\Pipeline\\Pipeline->Illuminate\\Pipeline\\{closure}()
#38 C:\\Users\\Aldo Wardana\\Downloads\\DesaPreneur\\DesaPreneur\\vendor\\laravel\\framework\\src\\Illuminate\\Pipeline\\Pipeline.php(209): Livewire\\Features\\SupportDisablingBackButtonCache\\DisableBackButtonCacheMiddleware->handle()
#39 C:\\Users\\Aldo Wardana\\Downloads\\DesaPreneur\\DesaPreneur\\vendor\\laravel\\framework\\src\\Illuminate\\Foundation\\Http\\Middleware\\TransformsRequest.php(21): Illuminate\\Pipeline\\Pipeline->Illuminate\\Pipeline\\{closure}()
#40 C:\\Users\\Aldo Wardana\\Downloads\\DesaPreneur\\DesaPreneur\\vendor\\laravel\\framework\\src\\Illuminate\\Foundation\\Http\\Middleware\\ConvertEmptyStringsToNull.php(31): Illuminate\\Foundation\\Http\\Middleware\\TransformsRequest->handle()
#41 C:\\Users\\Aldo Wardana\\Downloads\\DesaPreneur\\DesaPreneur\\vendor\\laravel\\framework\\src\\Illuminate\\Pipeline\\Pipeline.php(209): Illuminate\\Foundation\\Http\\Middleware\\ConvertEmptyStringsToNull->handle()
#42 C:\\Users\\Aldo Wardana\\Downloads\\DesaPreneur\\DesaPreneur\\vendor\\laravel\\framework\\src\\Illuminate\\Foundation\\Http\\Middleware\\TransformsRequest.php(21): Illuminate\\Pipeline\\Pipeline->Illuminate\\Pipeline\\{closure}()
#43 C:\\Users\\Aldo Wardana\\Downloads\\DesaPreneur\\DesaPreneur\\vendor\\laravel\\framework\\src\\Illuminate\\Foundation\\Http\\Middleware\\TrimStrings.php(51): Illuminate\\Foundation\\Http\\Middleware\\TransformsRequest->handle()
#44 C:\\Users\\Aldo Wardana\\Downloads\\DesaPreneur\\DesaPreneur\\vendor\\laravel\\framework\\src\\Illuminate\\Pipeline\\Pipeline.php(209): Illuminate\\Foundation\\Http\\Middleware\\TrimStrings->handle()
#45 C:\\Users\\Aldo Wardana\\Downloads\\DesaPreneur\\DesaPreneur\\vendor\\laravel\\framework\\src\\Illuminate\\Http\\Middleware\\ValidatePostSize.php(27): Illuminate\\Pipeline\\Pipeline->Illuminate\\Pipeline\\{closure}()
#46 C:\\Users\\Aldo Wardana\\Downloads\\DesaPreneur\\DesaPreneur\\vendor\\laravel\\framework\\src\\Illuminate\\Pipeline\\Pipeline.php(209): Illuminate\\Http\\Middleware\\ValidatePostSize->handle()
#47 C:\\Users\\Aldo Wardana\\Downloads\\DesaPreneur\\DesaPreneur\\vendor\\laravel\\framework\\src\\Illuminate\\Foundation\\Http\\Middleware\\PreventRequestsDuringMaintenance.php(110): Illuminate\\Pipeline\\Pipeline->Illuminate\\Pipeline\\{closure}()
#48 C:\\Users\\Aldo Wardana\\Downloads\\DesaPreneur\\DesaPreneur\\vendor\\laravel\\framework\\src\\Illuminate\\Pipeline\\Pipeline.php(209): Illuminate\\Foundation\\Http\\Middleware\\PreventRequestsDuringMaintenance->handle()
#49 C:\\Users\\Aldo Wardana\\Downloads\\DesaPreneur\\DesaPreneur\\vendor\\laravel\\framework\\src\\Illuminate\\Http\\Middleware\\HandleCors.php(49): Illuminate\\Pipeline\\Pipeline->Illuminate\\Pipeline\\{closure}()
#50 C:\\Users\\Aldo Wardana\\Downloads\\DesaPreneur\\DesaPreneur\\vendor\\laravel\\framework\\src\\Illuminate\\Pipeline\\Pipeline.php(209): Illuminate\\Http\\Middleware\\HandleCors->handle()
#51 C:\\Users\\Aldo Wardana\\Downloads\\DesaPreneur\\DesaPreneur\\vendor\\laravel\\framework\\src\\Illuminate\\Http\\Middleware\\TrustProxies.php(58): Illuminate\\Pipeline\\Pipeline->Illuminate\\Pipeline\\{closure}()
#52 C:\\Users\\Aldo Wardana\\Downloads\\DesaPreneur\\DesaPreneur\\vendor\\laravel\\framework\\src\\Illuminate\\Pipeline\\Pipeline.php(209): Illuminate\\Http\\Middleware\\TrustProxies->handle()
#53 C:\\Users\\Aldo Wardana\\Downloads\\DesaPreneur\\DesaPreneur\\vendor\\laravel\\framework\\src\\Illuminate\\Foundation\\Http\\Middleware\\InvokeDeferredCallbacks.php(22): Illuminate\\Pipeline\\Pipeline->Illuminate\\Pipeline\\{closure}()
#54 C:\\Users\\Aldo Wardana\\Downloads\\DesaPreneur\\DesaPreneur\\vendor\\laravel\\framework\\src\\Illuminate\\Pipeline\\Pipeline.php(209): Illuminate\\Foundation\\Http\\Middleware\\InvokeDeferredCallbacks->handle()
#55 C:\\Users\\Aldo Wardana\\Downloads\\DesaPreneur\\DesaPreneur\\vendor\\laravel\\framework\\src\\Illuminate\\Pipeline\\Pipeline.php(127): Illuminate\\Pipeline\\Pipeline->Illuminate\\Pipeline\\{closure}()
#56 C:\\Users\\Aldo Wardana\\Downloads\\DesaPreneur\\DesaPreneur\\vendor\\laravel\\framework\\src\\Illuminate\\Foundation\\Http\\Kernel.php(176): Illuminate\\Pipeline\\Pipeline->then()
#57 C:\\Users\\Aldo Wardana\\Downloads\\DesaPreneur\\DesaPreneur\\vendor\\laravel\\framework\\src\\Illuminate\\Foundation\\Http\\Kernel.php(145): Illuminate\\Foundation\\Http\\Kernel->sendRequestThroughRouter()
#58 C:\\Users\\Aldo Wardana\\Downloads\\DesaPreneur\\DesaPreneur\\vendor\\laravel\\framework\\src\\Illuminate\\Foundation\\Application.php(1220): Illuminate\\Foundation\\Http\\Kernel->handle()
#59 C:\\Users\\Aldo Wardana\\Downloads\\DesaPreneur\\DesaPreneur\\public\\index.php(17): Illuminate\\Foundation\\Application->handleRequest()
#60 C:\\Users\\Aldo Wardana\\Downloads\\DesaPreneur\\DesaPreneur\\vendor\\laravel\\framework\\src\\Illuminate\\Foundation\\resources\\server.php(23): require_once('...')
#61 {main}
"} 
